// Jest Snapshot v1, https://goo.gl/fbAQLP

exports[`BottomSheet Component renders correctly 1`] = `
<View
  testID="wrapper"
>
  <Modal
    animationType="slide"
    hardwareAccelerated={false}
    onRequestClose={[Function]}
    transparent={true}
    visible={true}
  >
    <View
      accessible={true}
      collapsable={false}
      focusable={true}
      onBlur={[Function]}
      onClick={[Function]}
      onFocus={[Function]}
      onResponderGrant={[Function]}
      onResponderMove={[Function]}
      onResponderRelease={[Function]}
      onResponderTerminate={[Function]}
      onResponderTerminationRequest={[Function]}
      onStartShouldSetResponder={[Function]}
      style={
        [
          {
            "bottom": 0,
            "left": 0,
            "position": "absolute",
            "right": 0,
            "top": 0,
          },
          undefined,
        ]
      }
      testID="RNE__Overlay__backdrop"
    />
    <RNCSafeAreaView
      edges={
        [
          "bottom",
          "left",
          "right",
          "top",
        ]
      }
      pointerEvents="box-none"
      style={
        {
          "backgroundColor": "rgba(0,0,0,0.2)",
          "flex": 1,
          "flexDirection": "column-reverse",
        }
      }
    >
      <View>
        <RCTScrollView>
          <View>
            <View>
              <View
                style={
                  {
                    "alignItems": "center",
                    "backgroundColor": "#ffffff",
                    "borderColor": "#bcbbc1",
                    "flexDirection": "row",
                    "padding": 14,
                  }
                }
                testID="RNE__LISTITEM__padView"
              >
                <View
                  style={
                    [
                      {
                        "alignItems": "flex-start",
                        "flex": 1,
                        "justifyContent": "center",
                      },
                      undefined,
                    ]
                  }
                >
                  <Text
                    accessibilityRole="text"
                    style={
                      {
                        "backgroundColor": "transparent",
                        "color": "#242424",
                        "fontSize": 17,
                      }
                    }
                    testID="listItemTitle"
                  >
                    test
                  </Text>
                </View>
              </View>
            </View>
            <View>
              <View
                style={
                  {
                    "alignItems": "center",
                    "backgroundColor": "#ffffff",
                    "borderColor": "#bcbbc1",
                    "flexDirection": "row",
                    "padding": 14,
                  }
                }
                testID="RNE__LISTITEM__padView"
              >
                <View
                  style={
                    [
                      {
                        "alignItems": "flex-start",
                        "flex": 1,
                        "justifyContent": "center",
                      },
                      undefined,
                    ]
                  }
                >
                  <Text
                    accessibilityRole="text"
                    style={
                      {
                        "backgroundColor": "transparent",
                        "color": "#242424",
                        "fontSize": 17,
                      }
                    }
                    testID="listItemTitle"
                  >
                    test2
                  </Text>
                </View>
              </View>
            </View>
          </View>
        </RCTScrollView>
      </View>
    </RNCSafeAreaView>
  </Modal>
</View>
`;
