// Jest Snapshot v1, https://goo.gl/fbAQLP

exports[`Tooltip component should match snapshot  1`] = `
<View
  style={
    {
      "backgroundColor": "transparent",
      "borderBottomColor": undefined,
      "borderBottomWidth": 15,
      "borderLeftColor": "transparent",
      "borderLeftWidth": 8,
      "borderRightColor": "transparent",
      "borderRightWidth": 8,
      "borderStyle": "solid",
      "height": 0,
      "width": 0,
    }
  }
  testID="RNE__Tooltip_Triangle"
/>
`;
