// Jest Snapshot v1, https://goo.gl/fbAQLP

exports[`Badge Component should match snapshot 1`] = `
<View
  testID="wrapper"
>
  <View
    style={{}}
    testID="RNE__Badge__Container"
  >
    <View
      style={
        {
          "alignItems": "center",
          "alignSelf": "center",
          "backgroundColor": "#2089dc",
          "borderColor": "#fff",
          "borderRadius": 9,
          "borderWidth": 0.5,
          "height": 18,
          "justifyContent": "center",
          "minWidth": 18,
        }
      }
      testID="RNE__Badge"
    >
      <Text
        style={
          {
            "color": "white",
            "fontSize": 12,
            "paddingHorizontal": 4,
          }
        }
      >
        10
      </Text>
    </View>
  </View>
</View>
`;
