// Jest Snapshot v1, https://goo.gl/fbAQLP

exports[`FAB Component should match snapshot 1`] = `
<View
  testID="wrapper"
>
  <View
    collapsable={false}
    style={
      {
        "alignItems": "center",
        "borderRadius": 28,
        "flexDirection": "row",
        "justifyContent": "center",
        "opacity": 1,
        "transform": [
          {
            "scale": 1,
          },
        ],
      }
    }
  >
    <View
      style={
        [
          {
            "overflow": "hidden",
          },
          {
            "borderRadius": 2,
          },
          {
            "borderRadius": 28,
            "elevation": 4,
          },
          false,
        ]
      }
      testID="RNE_BUTTON_WRAPPER"
    >
      <View
        accessibilityRole="button"
        accessibilityState={
          {
            "busy": false,
            "disabled": false,
          }
        }
        accessible={true}
        collapsable={false}
        focusable={true}
        onClick={[Function]}
        onResponderGrant={[Function]}
        onResponderMove={[Function]}
        onResponderRelease={[Function]}
        onResponderTerminate={[Function]}
        onResponderTerminationRequest={[Function]}
        onStartShouldSetResponder={[Function]}
        style={
          {
            "opacity": 1,
          }
        }
      >
        <View
          style={
            {
              "alignItems": "center",
              "backgroundColor": "#ad1457",
              "borderColor": "#2089dc",
              "borderRadius": 2,
              "borderWidth": 0,
              "flexDirection": "row",
              "height": 40,
              "justifyContent": "center",
              "padding": 8,
              "paddingHorizontal": 12,
            }
          }
        >
          <Text
            style={
              {
                "color": "#ffffff",
                "fontSize": 18,
                "marginHorizontal": 8,
                "paddingVertical": 1,
                "textAlign": "center",
              }
            }
          >
            Hey
          </Text>
        </View>
      </View>
    </View>
  </View>
</View>
`;
