// Jest Snapshot v1, https://goo.gl/fbAQLP

exports[`Image Component should render 1`] = `
<View
  testID="wrapper"
>
  <View
    accessibilityIgnoresInvertColors={true}
    style={
      {
        "backgroundColor": "transparent",
        "overflow": "hidden",
        "position": "relative",
      }
    }
  >
    <Image
      onLoad={[Function]}
      source={
        {
          "uri": "https://i.imgur.com/0y8Ftya.jpg",
        }
      }
      style={
        {
          "bottom": 0,
          "left": 0,
          "position": "absolute",
          "right": 0,
          "top": 0,
        }
      }
      testID="customTestId"
      transitionDuration={360}
    />
    <View
      accessibilityElementsHidden={true}
      collapsable={false}
      importantForAccessibility="no-hide-descendants"
      pointerEvents="none"
      style={
        {
          "bottom": 0,
          "left": 0,
          "opacity": 1,
          "position": "absolute",
          "right": 0,
          "top": 0,
        }
      }
    >
      <View
        style={
          {
            "alignItems": "center",
            "backgroundColor": "#bdbdbd",
            "justifyContent": "center",
          }
        }
        testID="RNE__Image__placeholder"
      />
    </View>
    <View
      style={{}}
      testID="RNE__Image__children__container"
    />
  </View>
</View>
`;
