// Jest Snapshot v1, https://goo.gl/fbAQLP

exports[`Accessory Component should uses Icon 1`] = `
<View
  testID="wrapper"
>
  <View
    accessible={true}
    collapsable={false}
    focusable={true}
    onBlur={[Function]}
    onClick={[Function]}
    onFocus={[Function]}
    onResponderGrant={[Function]}
    onResponderMove={[Function]}
    onResponderRelease={[Function]}
    onResponderTerminate={[Function]}
    onResponderTerminationRequest={[Function]}
    onStartShouldSetResponder={[Function]}
    style={
      [
        {
          "alignItems": "center",
          "backgroundColor": "#aaa",
          "bottom": 0,
          "justifyContent": "center",
          "position": "absolute",
          "right": 0,
          "shadowColor": "#000",
          "shadowOffset": {
            "height": 1,
            "width": 1,
          },
          "shadowOpacity": 0.5,
          "shadowRadius": 2,
        },
        {
          "borderRadius": 5,
          "height": 10,
          "width": 10,
        },
        undefined,
      ]
    }
  >
    <View>
      <View
        style={
          {
            "overflow": "hidden",
          }
        }
        testID="RNE__ICON__CONTAINER"
      >
        <View
          accessibilityRole="button"
          android_ripple={
            {
              "borderless": false,
              "color": "rgba(0, 0, 0, 0.3)",
              "radius": -5,
            }
          }
          disabled={false}
          testID="RNE__ICON__CONTAINER_ACTION"
        >
          <View
            style={
              {
                "alignItems": "center",
                "backgroundColor": "transparent",
                "justifyContent": "center",
              }
            }
            testID="RNE__ICON"
          >
            <Text
              allowFontScaling={false}
              style={
                [
                  {
                    "color": "#fff",
                    "fontSize": 8,
                  },
                  {
                    "backgroundColor": "transparent",
                  },
                  {
                    "fontFamily": "Material Icons",
                    "fontStyle": "normal",
                    "fontWeight": "normal",
                  },
                  {},
                ]
              }
              testID="RNE__ICON__Component"
            >
              î‰”
            </Text>
          </View>
        </View>
      </View>
    </View>
  </View>
</View>
`;
